// Jest Snapshot v1, https://goo.gl/fbAQLP

exports[`<FilmsPage /> should be rendered properly 1`] = `
<div
  className="scroller"
  onScroll={[Function]}
>
  <Layout
    className="wrapper"
  >
    <BackgroundProvider>
      <UNDEFINED
        onAction={[Function]}
        withBackground={true}
      />
      <Switch>
        <Route
          path="/:id"
        >
          <UNDEFINED />
        </Route>
      </Switch>
    </BackgroundProvider>
    <Context.Provider
      value={Object {}}
    >
      <UNDEFINED />
    </Context.Provider>
    <UNDEFINED />
  </Layout>
</div>
`;
