// Jest Snapshot v1, https://goo.gl/fbAQLP

exports[`<MainInfoSection /> should be rendered properly 1`] = `
<React.Fragment>
  <div
    id="details"
  />
  <Layout
    className="layout"
    style={
      Object {
        "background": "url(/string) no-repeat",
      }
    }
  >
    <ForwardRef
      className="row"
    >
      <ForwardRef
        className="rightCol"
        span={12}
      >
        <UNDEFINED
          level={2}
          text="some movie"
        />
        <ForwardRef
          className="infoWrapper"
        >
          <ForwardRef
            className="listWrapper"
          >
            <UNDEFINED
              dataSource={
                Array [
                  Object {
                    "id": 1,
                    "name": "genre 1",
                  },
                  Object {
                    "id": 2,
                    "name": "genre 2",
                  },
                ]
              }
              grid={
                Object {
                  "column": 4,
                }
              }
              itemAutoWidth={true}
              itemMarginLeft={15}
              size="small"
            />
          </ForwardRef>
          <UNDEFINED
            type="vertical"
          />
          <UNDEFINED
            size={12}
            type="white"
          >
            1h 46m
          </UNDEFINED>
        </ForwardRef>
        <UNDEFINED
          rating={4.5}
        />
      </ForwardRef>
      <ForwardRef
        className="leftCol"
        span={12}
      >
        <Layout
          className="textWrapper"
        >
          <UNDEFINED
            size={12}
          >
            This is info about movie
          </UNDEFINED>
        </Layout>
        <ForwardRef
          className="buttonsWrapper"
        >
          <UNDEFINED
            onClick={[Function]}
            title="Watch Now"
          />
          <UNDEFINED
            onClick={[Function]}
            title="View Info"
            type="outlined"
          />
        </ForwardRef>
      </ForwardRef>
    </ForwardRef>
  </Layout>
</React.Fragment>
`;
