// Jest Snapshot v1, https://goo.gl/fbAQLP

exports[`<MovieDescription /> cardMetaInfo should be rendered properly 1`] = `
<ForwardRef
  justify="space-between"
>
  <ForwardRef
    span={20}
  >
    <ForwardRef
      className="hidden"
    >
      <UNDEFINED
        size={14}
        strong={true}
        textOverflow={true}
      >
        ASSASIN'S CREED
      </UNDEFINED>
    </ForwardRef>
    <ForwardRef>
      <UNDEFINED
        size={12}
        type="secondary"
      >
        Action, Adventure, Fantasy
      </UNDEFINED>
    </ForwardRef>
  </ForwardRef>
  <ForwardRef>
    <UNDEFINED
      size={12}
      type="secondary_with_background"
    >
      4.7
    </UNDEFINED>
  </ForwardRef>
</ForwardRef>
`;
